import_meta2 [WILDCARD]import_meta2.ts
import_meta [WILDCARD]import_meta.ts
